5
1 5 2
1 12 3
1 17 4
1 20 1
2 16 2
3 13 2
3 14 3
3 18 4
4 7 3
4 9 2
5 11 1
6 10 1
6 14 2
7 13 1
7 20 2
8 15 2
8 16 3
10 12 2
10 13 3
10 18 5
10 20 4
11 19 2
13 14 4
14 16 1
17 20 3
