4
1 14 2
1 18 1
1 19 3
2 8 1
2 13 3
2 18 2
3 7 2
3 15 3
4 7 1
5 6 3
6 9 1
6 13 2
6 20 4
7 20 3
8 9 4
8 15 2
8 18 3
9 11 2
9 12 3
10 16 1
11 17 1
12 16 2
14 19 1
15 18 4
17 19 2
