5
1 9 2
1 30 1
1 34 3
1 48 4
2 3 5
3 24 3
3 31 1
3 36 4
3 45 2
4 28 1
4 33 3
4 36 2
5 38 1
5 40 2
5 48 3
6 26 1
6 37 2
7 35 2
7 37 3
8 25 1
10 28 2
10 35 3
10 47 1
11 23 2
11 45 3
12 34 2
12 45 1
12 46 3
13 30 2
13 49 1
14 26 2
15 16 2
15 35 1
17 19 1
17 25 2
18 21 1
19 38 2
20 38 3
21 26 3
21 27 2
22 36 3
24 32 1
24 42 2
26 41 4
27 29 1
28 43 3
29 50 2
30 31 3
31 44 2
37 42 1
39 47 2
42 47 3
