NIE ZNALEZIONO POKOLOROWANIA ZWARTEGO KRAWEDZI TEGO GRAFU
